// Jest Snapshot v1, https://goo.gl/fbAQLP

exports[`App component it match  snapshot 1`] = `
<DocumentFragment>
  <div>
    <h1>
      Hello there!
    </h1>
    <div>
      <button>
        Make the first click!
      </button>
      <p>
        0
      </p>
    </div>
    <div>
      <button>
        Hide text
      </button>
      <p
        class="shown"
      >
        Lorem ipsum dolor sit amet, consectetur adipiscing elit, sed do eiusmod tempor incididunt ut labore et dolore magna aliqua. Ut enim ad minim veniam, quis nostrud exercitation ullamco laboris nisi ut aliquip ex ea commodo consequat. Duis aute irure dolor in reprehenderit in voluptate velit esse cillum dolore eu fugiat nulla pariatur. Excepteur sint occaecat cupidatat non proident, sunt in culpa qui officia deserunt mollit anim id est laborum.
      </p>
    </div>
  </div>
</DocumentFragment>
`;

exports[`App component tests it match  snapshot 1`] = `
<DocumentFragment>
  <div>
    <h1>
      Hello there!
    </h1>
    <div>
      <button>
        Make the first click!
      </button>
      <p>
        0
      </p>
    </div>
    <div>
      <button>
        Hide text
      </button>
      <p
        class="shown"
      >
        Lorem ipsum dolor sit amet, consectetur adipiscing elit, sed do eiusmod tempor incididunt ut labore et dolore magna aliqua. Ut enim ad minim veniam, quis nostrud exercitation ullamco laboris nisi ut aliquip ex ea commodo consequat. Duis aute irure dolor in reprehenderit in voluptate velit esse cillum dolore eu fugiat nulla pariatur. Excepteur sint occaecat cupidatat non proident, sunt in culpa qui officia deserunt mollit anim id est laborum.
      </p>
    </div>
  </div>
</DocumentFragment>
`;

exports[`App component tests renders App component 1`] = `
<DocumentFragment>
  <div>
    <h1>
      Hello there!
    </h1>
    <div>
      <button>
        Make the first click!
      </button>
      <p>
        0
      </p>
    </div>
    <div>
      <button>
        Hide text
      </button>
      <p
        class="shown"
      >
        Lorem ipsum dolor sit amet, consectetur adipiscing elit, sed do eiusmod tempor incididunt ut labore et dolore magna aliqua. Ut enim ad minim veniam, quis nostrud exercitation ullamco laboris nisi ut aliquip ex ea commodo consequat. Duis aute irure dolor in reprehenderit in voluptate velit esse cillum dolore eu fugiat nulla pariatur. Excepteur sint occaecat cupidatat non proident, sunt in culpa qui officia deserunt mollit anim id est laborum.
      </p>
    </div>
  </div>
</DocumentFragment>
`;

exports[`App component tests renders App component 2`] = `
<DocumentFragment>
  <div>
    <h1>
      Hello there!
    </h1>
    <div>
      <button>
        Make the first click!
      </button>
      <p>
        0
      </p>
    </div>
    <div>
      <button>
        Hide text
      </button>
      <p
        class="shown"
      >
        Lorem ipsum dolor sit amet, consectetur adipiscing elit, sed do eiusmod tempor incididunt ut labore et dolore magna aliqua. Ut enim ad minim veniam, quis nostrud exercitation ullamco laboris nisi ut aliquip ex ea commodo consequat. Duis aute irure dolor in reprehenderit in voluptate velit esse cillum dolore eu fugiat nulla pariatur. Excepteur sint occaecat cupidatat non proident, sunt in culpa qui officia deserunt mollit anim id est laborum.
      </p>
    </div>
  </div>
</DocumentFragment>
`;
